// Jest Snapshot v1, https://goo.gl/fbAQLP

exports[`Pruebas en <AdminUser/> Debe mostrarse correctamente el componente 1`] = `
<div
  className="mb-3"
>
  <div>
    <div
      className="spinner-border text-primary d-flex justify-content-center"
      role="status"
    >
      <span
        className="visually-hidden "
      >
        Loading...
      </span>
    </div>
  </div>
  <div
    className="d-flex justify-content-center"
  />
</div>
`;
