// Jest Snapshot v1, https://goo.gl/fbAQLP

exports[`Pruebas en <Form /> debe de mostrarse correctamente 1`] = `
<Fragment>
  <div>
    <div
      className="row justify-content-center"
    >
      <form
        className="py-3 row justify-content-center"
        onSubmit={[Function]}
      >
        <div
          className="form-group row col-lg-6"
        >
          <label
            htmlFor="fname"
          >
            Email:
          </label>
          <input
            className="form-control"
            id="fname"
            name="email"
            onChange={[Function]}
            placeholder="Email"
            required={true}
            type="email"
          />
          <label
            htmlFor="lname"
          >
            Contraseña:
          </label>
          <input
            className="form-control mb-3"
            id="lname"
            name="password"
            onChange={[Function]}
            placeholder="Contraseña"
            required={true}
            type="password"
          />
        </div>
        <div
          className="btn-sm "
        >
          <button
            className="btn btn-primary mb-3"
            type="submit"
          >
            Ingresar
          </button>
        </div>
      </form>
      <p>
        ¿Todavía no te registraste?
      </p>
      <div
        className="btn-sm"
      >
        <HashRouter>
          <Link
            className="btn btn-success"
            to="/registro"
          >
            Registrarse
          </Link>
        </HashRouter>
      </div>
      <Suscribirse />
    </div>
  </div>
</Fragment>
`;
